RuntimeError: invalid boolean type in if statement
