RuntimeError: invalid return type (expected list)
