h
RuntimeError: unsupported operand type(s) for list assignment
