RuntimeError: unsupported operand type for unary -
