3
RuntimeError: invalid return type (expected float)
