STypeError: invalid types (str, int) for list assignment
