3
RuntimeError: invalid boolean type in while statement
