3
RuntimeError: invalid type assigned to x (expected int)
