STypeError: expression of type int cannot be assigned to variable 'x' with explicit type float
