STypeError: expression of type float cannot be assigned to variable 'arr' with explicit type str
