STypeError: unsupported operand type(s) for binary +: 'int' and 'float'
