STypeError: cannot iterate over type int in 'for' loop
