SSyntaxError: unexpected number of arguments in function call (expected 1 but found 0)
