STypeError: expression of type func cannot be assigned to variable 'foo' with explicit type str
