STypeError: unsupported operand type(s) for binary +: 'string' and 'int'