STypeError: invalid boolean type in 'if' statement (found int but expected bool)
