SSyntaxError: cannot explicitly type variable 'y' while in conditional branches
