dyn
dyn
str
dyn
int
dyn
1
2
3
3
h
e
l
l
o
o
0
1
2
3
4
4
